> Task :app:preBuild UP-TO-DATE
> Task :app:preDebugBuild UP-TO-DATE
> Task :app:dataBindingMergeDependencyArtifactsDebug UP-TO-DATE
> Task :app:generateDebugResValues UP-TO-DATE
> Task :app:generateDebugResources UP-TO-DATE
> Task :app:mergeDebugResources UP-TO-DATE
> Task :app:packageDebugResources UP-TO-DATE
> Task :app:processDebugNavigationResources UP-TO-DATE
> Task :app:parseDebugLocalResources UP-TO-DATE
> Task :app:dataBindingGenBaseClassesDebug UP-TO-DATE
> Task :app:generateDebugBuildConfig UP-TO-DATE
> Task :app:javaPreCompileDebug UP-TO-DATE
> Task :app:checkDebugAarMetadata UP-TO-DATE
> Task :app:compileDebugNavigationResources UP-TO-DATE
> Task :app:mapDebugSourceSetPaths UP-TO-DATE
> Task :app:createDebugCompatibleScreenManifests UP-TO-DATE
> Task :app:extractDeepLinksDebug UP-TO-DATE
> Task :app:processDebugMainManifest UP-TO-DATE
> Task :app:processDebugManifest UP-TO-DATE
> Task :app:processDebugManifestForPackage UP-TO-DATE
> Task :app:processDebugResources UP-TO-DATE
.\gradlew.bat : C:\Use
rs\SSD\AndroidStudioPr
ojects\ASHASmartCare\a
pp\src\main\java\com\s
imats\ashasmartcare\ac
tivities\AdminDashboar
dActivity.java:28: 
error: cannot find 
symbol
At line:1 char:1
+ .\gradlew.bat :app:c
ompileDebugJavaWithJav
ac > build_output.txt 
2>&1
+ ~~~~~~~~~~~~~~~~~~~~
~~~~~~~~~~~~~~~~~~~~~~
~~~~~~~~~~~~~~~~~~~~~~
~~~~
    + CategoryInfo    
          : NotSpeci  
  fied: (C:\Users\S   
 SD\An...not find     
symbol:String) []    
, RemoteException
    + FullyQualifiedE 
   rrorId : NativeCo  
  mmandError
 

> Task :app:compileDebugJavaWithJavac
    private ImageView 
ivProfile;
            ^
  symbol:   class 
ImageView
  location: class 
AdminDashboardActivity
C:\Users\SSD\AndroidSt
udioProjects\ASHASmart
Care\app\src\main\java
\com\simats\ashasmartc
are\activities\EditAdm
inProfileActivity.java
:67: error: cannot 
find symbol
            sessionMan
ager.saveBoolean("isLo
ggedIn", true);
                      
    ^
  symbol:   method sav
eBoolean(String,boolea
n)
  location: variable 
sessionManager of 
type SessionManager
Note: Some input 
files use or override 
a deprecated API.
Note: Recompile with 
-Xlint:deprecation 
for details.
2 errors

> Task :app:compileDebugJavaWithJavac FAILED

[Incubating] Problems report is available at: file:///C:/Users/SSD/AndroidStudioProjects/ASHASmartCare/build/reports/problems/problems-report.html

FAILURE: Build failed 
with an exception.

* What went wrong:
Execution failed for 
task ':app:compileDebu
gJavaWithJavac'.
> Compilation failed; 
see the compiler 
output below.
  C:\Users\SSD\Android
StudioProjects\ASHASma
rtCare\app\src\main\ja
va\com\simats\ashasmar
tcare\activities\Admin
DashboardActivity.java
:28: error: cannot 
find symbol
      private 
ImageView ivProfile;
              ^
    symbol:   class 
ImageView
    location: class 
AdminDashboardActivity
  C:\Users\SSD\Android
StudioProjects\ASHASma
rtCare\app\src\main\ja
va\com\simats\ashasmar
tcare\activities\EditA
dminProfileActivity.ja
va:67: error: cannot 
find symbol
              sessionM
anager.saveBoolean("is
LoggedIn", true);
                      
      ^
    symbol:   method s
aveBoolean(String,bool
ean)
    location: 
variable 
sessionManager of 
type SessionManager
  Note: Some input 
files use or override 
a deprecated API.
  Note: Recompile 
with 
-Xlint:deprecation 
for details.
  2 errors

* Try:
> Check your code and 
dependencies to fix 
the compilation 
error(s)
> Run with --scan to 
get full insights.

BUILD FAILED in 17s
20 actionable tasks: 1 executed, 19 up-to-date
