> Task :app:preBuild UP-TO-DATE
> Task :app:preDebugBuild UP-TO-DATE
> Task :app:dataBindingMergeDependencyArtifactsDebug UP-TO-DATE
> Task :app:generateDebugResValues UP-TO-DATE
> Task :app:generateDebugResources UP-TO-DATE
> Task :app:mergeDebugResources UP-TO-DATE
> Task :app:packageDebugResources UP-TO-DATE
> Task :app:processDebugNavigationResources UP-TO-DATE
> Task :app:parseDebugLocalResources UP-TO-DATE
> Task :app:dataBindingGenBaseClassesDebug UP-TO-DATE
> Task :app:generateDebugBuildConfig UP-TO-DATE
> Task :app:javaPreCompileDebug UP-TO-DATE
> Task :app:checkDebugAarMetadata UP-TO-DATE
> Task :app:compileDebugNavigationResources UP-TO-DATE
> Task :app:mapDebugSourceSetPaths UP-TO-DATE
> Task :app:createDebugCompatibleScreenManifests UP-TO-DATE
> Task :app:extractDeepLinksDebug UP-TO-DATE
> Task :app:processDebugMainManifest
> Task :app:processDebugManifest
> Task :app:processDebugManifestForPackage
> Task :app:processDebugResources

> Task :app:compileDebugJavaWithJavac
.\gradlew.bat : C:\Use
rs\SSD\AndroidStudioPr
ojects\ASHASmartCare\a
pp\src\main\java\com\s
imats\ashasmartcare\ac
tivities\HomeActivity.
java:23: error: 
cannot find symbol
At line:1 char:1
+ .\gradlew.bat :app:c
ompileDebugJavaWithJav
ac > build_error.log 
2>&1
+ ~~~~~~~~~~~~~~~~~~~~
~~~~~~~~~~~~~~~~~~~~~~
~~~~~~~~~~~~~~~~~~~~~~
~~~
    + CategoryInfo    
          : NotSpeci  
  fied: (C:\Users\S   
 SD\An...not find     
symbol:String) []    
, RemoteException
    + FullyQualifiedE 
   rrorId : NativeCo  
  mmandError
 
import com.simats.asha
smartcare.SyncStatusAc
tivity;
                      
         ^
  symbol:   class 
SyncStatusActivity
  location: package co
m.simats.ashasmartcare
C:\Users\SSD\AndroidSt
udioProjects\ASHASmart
Care\app\src\main\java
\com\simats\ashasmartc
are\SettingsActivity.j
ava:167: error: 
cannot find symbol
        
startActivity(new 
Intent(this, SyncStatu
sActivity.class));
                      
                 ^
  symbol:   class 
SyncStatusActivity
  location: class 
SettingsActivity
Note: Some input 
files use or override 
a deprecated API.
Note: Recompile with 
-Xlint:deprecation 
for details.

2 errors
> Task :app:compileDebugJavaWithJavac FAILED

[Incubating] Problems report is available at: file:///C:/Users/SSD/AndroidStudioProjects/ASHASmartCare/build/reports/problems/problems-report.html

FAILURE: Build failed 
with an exception.

* What went wrong:
Execution failed for 
task ':app:compileDebu
gJavaWithJavac'.
> Compilation failed; 
see the compiler 
output below.
  C:\Users\SSD\Android
StudioProjects\ASHASma
rtCare\app\src\main\ja
va\com\simats\ashasmar
tcare\activities\HomeA
ctivity.java:23: 
error: cannot find 
symbol
  import com.simats.as
hasmartcare.SyncStatus
Activity;
                      
           ^
    symbol:   class 
SyncStatusActivity
    location: package 
com.simats.ashasmartca
re
  C:\Users\SSD\Android
StudioProjects\ASHASma
rtCare\app\src\main\ja
va\com\simats\ashasmar
tcare\SettingsActivity
.java:167: error: 
cannot find symbol
          
startActivity(new 
Intent(this, SyncStatu
sActivity.class));
                      
                   ^
    symbol:   class 
SyncStatusActivity
    location: class 
SettingsActivity
  Note: Some input 
files use or override 
a deprecated API.
  Note: Recompile 
with 
-Xlint:deprecation 
for details.
  2 errors

* Try:
> Check your code and 
dependencies to fix 
the compilation 
error(s)
> Run with --scan to 
get full insights.

BUILD FAILED in 6s
20 actionable tasks: 5 executed, 15 up-to-date
